======================================================================
JP Stock Webapp - Fetch ALL Sectors Daily P/B Data
Data Source: VCI
Started at: 2026-01-28 23:50:58
======================================================================

Total sectors: 11
Total stocks: 134

============================================================
SECTOR: 🏦 NGÂN HÀNG
Symbols: 17
============================================================
  [1/17] VCB (VCB)... 📦 Vnii 0.1.9 is available (subscription)
Current version: 0.1.2
Update: pip install --upgrade --extra-index-url https://vnstocks.com/api/simple vnii
✅ Authentication successful: Just Passion
✓ 752 days, P/B=2.85
  [2/17] BID (BID)... ✓ 752 days, P/B=2.35
  [3/17] CTG (CTG)... ✓ 752 days, P/B=1.91
  [4/17] TCB (TCB)... ✓ 752 days, P/B=1.44
  [5/17] MBB (MBB)... ✓ 752 days, P/B=1.68
  [6/17] VPB (VPB)... ✓ 752 days, P/B=1.31
  [7/17] ACB (ACB)... ✓ 752 days, P/B=1.30
  [8/17] HDB (HDB)... ✓ 752 days, P/B=1.99
  [9/17] STB (STB)... ✓ 752 days, P/B=1.63
  [10/17] TPB (TPB)... ✓ 752 days, P/B=1.21
  [11/17] SHB (SHB)... ✓ 752 days, P/B=1.17
  [12/17] LPB (LPB)... ✓ 752 days, P/B=2.66
  [13/17] MSB (MSB)... ✓ 752 days, P/B=0.97
  [14/17] OCB (OCB)... ✓ 752 days, P/B=0.99
  [15/17] EIB (EIB)... ✓ 752 days, P/B=1.62
  [16/17] NAB (NAB)... ✓ 746 days, P/B=1.16
  [17/17] BAF (BAF)... ✗ No data
  ✓ Saved to /workspaces/jpstock_webapp/src/../docs/data/banks_daily.json
  ✓ Saved to /workspaces/jpstock_webapp/src/../docs/data/banks_daily_summary.json

============================================================
SECTOR: 🏠 BẤT ĐỘNG SẢN
Symbols: 28
============================================================
  [1/28] VHM (VHM)... ✗ No data
  [2/28] VIC (VIC)... ✗ No data
  [3/28] NVL (NVL)... ✗ No data
  [4/28] PDR (PDR)... ✗ No data
  [5/28] DXG (DXG)... ✗ No data
  [6/28] KDH (KDH)... ✗ No data
  [7/28] NLG (NLG)... ✗ No data
  [8/28] DIG (DIG)... ✗ No data
  [9/28] CEO (CEO)... ✗ No data
  [10/28] KBC (KBC)... 2026-01-28 23:53:22 - vnstock.explorer.vci.financial - ERROR - Error processing financial report data: Failed to fetch data: 502 - Bad Gateway
2026-01-28 23:53:22 - vnstock.explorer.vci.financial - ERROR - Error retrieving financial ratios: Failed to fetch data: 502 - Bad Gateway
2026-01-28 23:53:22 - vnstock.common.data - ERROR - Error fetching ratio: Failed to fetch data: 502 - Bad Gateway
✗ No data
  [11/28] BCM (BCM)... ✗ No data
  [12/28] IDC (IDC)... ✗ No data
  [13/28] ITA (ITA)... ✗ No data
  [14/28] HDC (HDC)... ✗ No data
  [15/28] LDG (LDG)... ✗ No data
  [16/28] NBB (NBB)... ✗ No data
  [17/28] TDC (TDC)... ✗ No data
  [18/28] VRE (VRE)... ✗ No data
  [19/28] SCR (SCR)... ✗ No data
  [20/28] HPX (HPX)... ✗ No data
  [21/28] DXS (DXS)... ✗ No data
  [22/28] DPG (DPG)... ✗ No data
  [23/28] DHA (DHA)... ✗ No data
  [24/28] NHA (NHA)... ✗ No data
  [25/28] CRE (CRE)... 2026-01-28 23:54:29 - vnstock.explorer.vci.financial - ERROR - Error retrieving financial ratios: Failed to fetch data: 502 - Bad Gateway
2026-01-28 23:54:29 - vnstock.common.data - ERROR - Error fetching ratio: Failed to fetch data: 502 - Bad Gateway
✗ No data
  [26/28] IJC (IJC)... ✗ No data
  [27/28] KHG (KHG)... ✗ No data
  [28/28] SZC (SZC)... ✗ No data
  ✓ Saved to /workspaces/jpstock_webapp/src/../docs/data/realestate_daily.json
  ✓ Saved to /workspaces/jpstock_webapp/src/../docs/data/realestate_daily_summary.json

============================================================
SECTOR: 📈 CHỨNG KHOÁN
Symbols: 12
============================================================
  [1/12] SSI (SSI)... ✗ No data
  [2/12] VND (VND)... ✓ 752 days, P/B=1.35
  [3/12] HCM (HCM)... ✗ No data
  [4/12] VCI (VCI)... ✗ No data
  [5/12] SHS (SHS)... ✗ No data
  [6/12] MBS (MBS)... ✗ No data
  [7/12] FTS (FTS)... ✗ No data
  [8/12] BSI (BSI)... ✗ No data
  [9/12] CTS (CTS)... ✗ No data
  [10/12] ORS (ORS)... ✗ No data
  [11/12] TVS (TVS)... ✗ No data
  [12/12] AGR (AGR)... ✗ No data
  ✓ Saved to /workspaces/jpstock_webapp/src/../docs/data/securities_daily.json
  ✓ Saved to /workspaces/jpstock_webapp/src/../docs/data/securities_daily_summary.json

============================================================
SECTOR: ⚡ ĐIỆN & NĂNG LƯỢNG
Symbols: 15
============================================================
  [1/15] POW (POW)... ✗ No data
  [2/15] GEG (GEG)... ✗ No data
  [3/15] REE (REE)... ✗ No data
  [4/15] NT2 (NT2)... ✗ No data
  [5/15] PPC (PPC)... ✗ No data
  [6/15] HND (HND)... ✗ No data
  [7/15] SJD (SJD)... ✗ No data
  [8/15] VSH (VSH)... 